server/controllers/orderController.ts(79,5): error TS2740: Type 'never[]' is missing the following properties from type 'DocumentArray<{ product: ObjectId; quantity: number; size?: string | null | undefined; color?: string | null | undefined; }, Subdocument<ObjectId, unknown, { product: ObjectId; quantity: number; size?: string | ... 1 more ... | undefined; color?: string | ... 1 more ... | undefined; }, {}, {}> & { ...; }>': isMongooseDocumentArray, create, id, $pop, and 8 more.
server/controllers/paymentController.ts(138,5): error TS2740: Type 'never[]' is missing the following properties from type 'DocumentArray<{ product: ObjectId; quantity: number; size?: string | null | undefined; color?: string | null | undefined; }, Subdocument<ObjectId, unknown, { product: ObjectId; quantity: number; size?: string | ... 1 more ... | undefined; color?: string | ... 1 more ... | undefined; }, {}, {}> & { ...; }>': isMongooseDocumentArray, create, id, $pop, and 8 more.
server/controllers/wishlistController.ts(113,13): error TS2532: Object is possibly 'undefined'.
server/controllers/wishlistController.ts(114,13): error TS2532: Object is possibly 'undefined'.
server/controllers/wishlistController.ts(114,30): error TS2339: Property 'price' does not exist on type 'Subdocument<ObjectId, unknown, { product: ObjectId; quantity: number; size?: string | null | undefined; color?: string | null | undefined; }, {}, {}> & { ...; }'.
server/controllers/wishlistController.ts(115,13): error TS2532: Object is possibly 'undefined'.
server/controllers/wishlistController.ts(115,30): error TS2339: Property 'name' does not exist on type 'Subdocument<ObjectId, unknown, { product: ObjectId; quantity: number; size?: string | null | undefined; color?: string | null | undefined; }, {}, {}> & { ...; }'.
server/controllers/wishlistController.ts(116,13): error TS2532: Object is possibly 'undefined'.
server/controllers/wishlistController.ts(116,30): error TS2339: Property 'image' does not exist on type 'Subdocument<ObjectId, unknown, { product: ObjectId; quantity: number; size?: string | null | undefined; color?: string | null | undefined; }, {}, {}> & { ...; }'.
server/controllers/wishlistController.ts(163,13): error TS2532: Object is possibly 'undefined'.
server/models_old/User.ts(33,9): error TS2349: This expression is not callable.
  Type 'SaveOptions' has no call signatures.
